de.metas.rest_api.v1.ordercandidates.impl.OrderCandidatesRestController_misc_Test.toJsonAttachment_Type_URL=[
  {
    "externalReference" : "externalReference",
    "dataSourceName" : "dataSourceName",
    "attachmentId" : "10",
    "type" : "URL",
    "filename" : "?",
    "url" : "https://metasfresh.com"
  }
]