de.metas.rest_api.v1.product.ProductsRestControllerTest.getProducts_standardCase=[
  {
    "products": [
      {
        "bpartners": [
          {
            "bpartnerId": 1,
            "currentVendor": true,
            "customer": false,
            "ean": "ean1-vendor1",
            "leadTimeInDays": 13,
            "productCategory": "productCategory1-vendor1",
            "productDescription": "productDescription1-vendor1",
            "productName": "productName1-vendor1",
            "productNo": "productNo1-vendor1",
            "vendor": true
          },
          {
            "bpartnerId": 2,
            "currentVendor": false,
            "customer": true,
            "ean": "ean1-customer2",
            "leadTimeInDays": 32,
            "productCategory": "productCategory1-customer2",
            "productDescription": "productDescription1-customer2",
            "productName": "productName1-customer2",
            "productNo": "productNo1-customer2",
            "vendor": false
          }
        ],
        "createdUpdatedInfo": {
          "created": "2019-09-05T03:20:14.0000005+02:00[Europe/Berlin]",
          "createdBy": 100,
          "updated": "2019-09-05T03:21:22.000000501+02:00[Europe/Berlin]",
          "updatedBy": 100
        },
        "description": "description1",
        "ean": "ean1",
        "id": 100003,
        "name": "name1",
        "productNo": "value1",
        "uom": "Ea"
      },
      {
        "bpartners": [ ],
        "createdUpdatedInfo": {
          "created": "2019-09-05T03:20:14.0000005+02:00[Europe/Berlin]",
          "createdBy": 100,
          "updated": "2019-09-05T03:21:22.000000501+02:00[Europe/Berlin]",
          "updatedBy": 100
        },
        "description": "description2",
        "ean": "ean2",
        "id": 100006,
        "name": "name2",
        "productNo": "value2",
        "uom": "Kg"
      }
    ]
  }
]