de.metas.payment.revolut.RevolutExportRepoTest.saveAll=[
  [
    {
      "revolutPaymentExportId" : 100007,
      "recordReference" : {
        "tableName" : "C_PaySelection",
        "recordId" : 1
      },
      "name" : "name",
      "orgId" : 1,
      "amount" : {
        "value" : 10,
        "currencyCode" : "CHF",
        "zero" : false
      },
      "accountNo" : "accountNo",
      "routingNo" : "routingNo",
      "IBAN" : "iban",
      "SwiftCode" : "SwiftCode",
      "paymentReference" : "payReference",
      "regionName" : "region",
      "addressLine1" : "addr1",
      "addressLine2" : "addr2",
      "SwiftCode" : "SwiftCode", 
      "city" : "city",
      "postalCode" : "postal",
      "recipientCountryId" : 5,
      "recipientBankCountryId" : 4,
      "recipientType" : "COMPANY"
    }
  ]
]