de.metas.contracts.commission.commissioninstance.services.margin.MarginCommissionConfigFactoryTest.givenValidRequest_whenCreateForNewCommissionInstances_thenReturnOneCommissionConfig=[
  [
    {
      "commissionProductId" : 100011,
      "tradedPercent" : 10,
      "pointsPrecision" : 2,
      "marginContract" : {
        "@type" : "MarginContract",
        "id" : 100015,
        "contractOwnerBPartnerId" : 1,
        "simulation" : false
      },
      "customerTradeMarginLineId" : 100013
    }
  ]
]