de.metas.handlingunits.picking.plan.generator.CreatePickingPlanCommandTest.scenario_3HUs_1KgAlreadyReserved=[ {
  "lines" : [ {
    "type" : "PICK_FROM_HU",
    "sourceDocumentInfo" : {
      "shipmentScheduleId" : 2,
      "salesOrderLineId" : {
        "orderId" : 300,
        "orderLineId" : 301
      },
      "shipperId" : null,
      "existingPickingCandidate" : null
    },
    "productId" : 100160,
    "qty" : {
      "qty" : "1.000",
      "uomId" : 100159
    },
    "pickFromHU" : {
      "huId" : 100272,
      "huReservedForThisLine" : true,
      "locatorId" : "100161_100163",
      "huCode" : "100272",
      "expiringDate" : null,
      "serialNo" : null,
      "lotNumber" : null,
      "repackNumber" : null,
      "alternatives" : {
        "keys" : [ {
          "locatorId" : "100161_100163",
          "huId" : 100237,
          "productId" : 100160
        } ]
      }
    },
    "pickFromPickingOrder" : null,
    "issueToBOMLine" : null
  }, {
    "type" : "PICK_FROM_HU",
    "sourceDocumentInfo" : {
      "shipmentScheduleId" : 2,
      "salesOrderLineId" : {
        "orderId" : 300,
        "orderLineId" : 301
      },
      "shipperId" : null,
      "existingPickingCandidate" : null
    },
    "productId" : 100160,
    "qty" : {
      "qty" : "30.000",
      "uomId" : 100159
    },
    "pickFromHU" : {
      "huId" : 100165,
      "huReservedForThisLine" : false,
      "locatorId" : "100161_100163",
      "huCode" : "100165",
      "expiringDate" : null,
      "serialNo" : null,
      "lotNumber" : null,
      "repackNumber" : null,
      "alternatives" : {
        "keys" : [ {
          "locatorId" : "100161_100163",
          "huId" : 100237,
          "productId" : 100160
        } ]
      }
    },
    "pickFromPickingOrder" : null,
    "issueToBOMLine" : null
  }, {
    "type" : "PICK_FROM_HU",
    "sourceDocumentInfo" : {
      "shipmentScheduleId" : 2,
      "salesOrderLineId" : {
        "orderId" : 300,
        "orderLineId" : 301
      },
      "shipperId" : null,
      "existingPickingCandidate" : null
    },
    "productId" : 100160,
    "qty" : {
      "qty" : "30.000",
      "uomId" : 100159
    },
    "pickFromHU" : {
      "huId" : 100201,
      "huReservedForThisLine" : false,
      "locatorId" : "100161_100163",
      "huCode" : "100201",
      "expiringDate" : null,
      "serialNo" : null,
      "lotNumber" : null,
      "repackNumber" : null,
      "alternatives" : {
        "keys" : [ {
          "locatorId" : "100161_100163",
          "huId" : 100237,
          "productId" : 100160
        } ]
      }
    },
    "pickFromPickingOrder" : null,
    "issueToBOMLine" : null
  }, {
    "type" : "PICK_FROM_HU",
    "sourceDocumentInfo" : {
      "shipmentScheduleId" : 2,
      "salesOrderLineId" : {
        "orderId" : 300,
        "orderLineId" : 301
      },
      "shipperId" : null,
      "existingPickingCandidate" : null
    },
    "productId" : 100160,
    "qty" : {
      "qty" : "39.000",
      "uomId" : 100159
    },
    "pickFromHU" : {
      "huId" : 100237,
      "huReservedForThisLine" : false,
      "locatorId" : "100161_100163",
      "huCode" : "100237",
      "expiringDate" : null,
      "serialNo" : null,
      "lotNumber" : null,
      "repackNumber" : null,
      "alternatives" : {
        "keys" : [ ]
      }
    },
    "pickFromPickingOrder" : null,
    "issueToBOMLine" : null
  } ],
  "alternatives" : {
    "pickFroms" : [ {
      "key" : {
        "locatorId" : "100161_100163",
        "huId" : 100237,
        "productId" : 100160
      },
      "availableQty" : {
        "qty" : "960.000",
        "uomId" : 100159
      },
      "productId" : 100160,
      "locatorId" : "100161_100163",
      "huId" : 100237
    } ]
  },
  "singleProductId" : 100160
} ]