de.metas.dataentry.layout.DataEntryLayoutRepositoryTest.getByWindowId=[
  [
    {
      "availableInApi": true,
      "caption": {
        "anyLanguage": true,
        "value": "tabRecord1_tabName"
      },
      "description": {
        "anyLanguage": true,
        "value": "tabRecord1_description"
      },
      "documentLinkColumnName": {
        "asString": "tableRecord_1_tableName_ID"
      },
      "id": 100003,
      "internalName": "DataEntry_Tab_ID-100003",
      "subTabs": [
        {
          "caption": {
            "anyLanguage": true,
            "value": "subtabRecord1_2_tabName"
          },
          "description": {
            "anyLanguage": true,
            "value": "subtabRecord1_2_description - seqNo10"
          },
          "id": 100009,
          "internalName": "DataEntry_SubTab_ID-100009",
          "sections": [
            {
              "availableInApi": true,
              "caption": {
                "anyLanguage": true,
                "value": "sectionRecord1_2_1_sectionName"
              },
              "description": {
                "anyLanguage": true,
                "value": "sectionRecord1_2_1_description - seqNo20"
              },
              "id": 100010,
              "initiallyClosed": true,
              "internalName": "DataEntry_Section_ID-100010",
              "lines": [
                {
                  "fields": [
                    {
                      "availableInApi": false,
                      "caption": {
                        "anyLanguage": true,
                        "value": "fieldRecord1_2_1_1_1_name"
                      },
                      "description": {
                        "anyLanguage": true,
                        "value": "fieldRecord1_2_1_1_1_description - seqNo10"
                      },
                      "id": 100012,
                      "listValues": [ ],
                      "mandatory": false,
                      "type": "DATE"
                    },
                    {
                      "availableInApi": false,
                      "caption": {
                        "anyLanguage": true,
                        "value": "fieldRecord1_2_1_1_2_name"
                      },
                      "description": {
                        "anyLanguage": true,
                        "value": "fieldRecord1_2_1_1_2_description"
                      },
                      "id": 100013,
                      "listValues": [
                        {
                          "description": {
                            "anyLanguage": true,
                            "value": "listValueRecord1_2_1_1_2_2_description - seqNo10"
                          },
                          "id": 100015,
                          "name": {
                            "anyLanguage": true,
                            "value": "listValueRecord1_2_1_1_2_2_name"
                          }
                        },
                        {
                          "description": {
                            "anyLanguage": true,
                            "value": "listValueRecord1_2_1_1_2_1_description - seqNo20"
                          },
                          "id": 100014,
                          "name": {
                            "anyLanguage": true,
                            "value": "listValueRecord1_2_1_1_2_1_name"
                          }
                        }
                      ],
                      "mandatory": false,
                      "type": "LIST"
                    },
                    {
                      "availableInApi": false,
                      "caption": {
                        "anyLanguage": true,
                        "value": "fieldRecord1_2_1_1_3_name"
                      },
                      "description": {
                        "anyLanguage": true,
                        "value": "fieldRecord1_2_1_1_3_description"
                      },
                      "id": 100016,
                      "listValues": [ ],
                      "mandatory": false,
                      "type": "YESNO"
                    },
                    {
                      "availableInApi": false,
                      "caption": {
                        "anyLanguage": true,
                        "value": "fieldRecord1_2_1_1_4_name"
                      },
                      "description": {
                        "anyLanguage": true,
                        "value": "fieldRecord1_2_1_1_4_description"
                      },
                      "id": 100017,
                      "listValues": [ ],
                      "mandatory": true,
                      "type": "TEXT"
                    },
                    {
                      "availableInApi": false,
                      "caption": {
                        "anyLanguage": true,
                        "value": "fieldRecord1_2_1_1_5_name"
                      },
                      "description": {
                        "anyLanguage": true,
                        "value": "fieldRecord1_2_1_1_5_description"
                      },
                      "id": 100018,
                      "listValues": [ ],
                      "mandatory": true,
                      "type": "LONG_TEXT"
                    }
                  ],
                  "seqNo": 10
                }
              ]
            }
          ]
        },
        {
          "caption": {
            "anyLanguage": true,
            "value": "subtabRecord1_1_tabName"
          },
          "description": {
            "anyLanguage": true,
            "value": "subtabRecord1_1_description - seqNo20"
          },
          "id": 100004,
          "internalName": "DataEntry_SubTab_ID-100004",
          "sections": [
            {
              "availableInApi": true,
              "caption": {
                "anyLanguage": true,
                "value": "sectionRecord1_1_2_sectionName"
              },
              "description": {
                "anyLanguage": true,
                "value": "sectionRecord1_1_2_description - seqNo10"
              },
              "id": 100005,
              "initiallyClosed": false,
              "internalName": "DataEntry_Section_ID-100005",
              "lines": [
                {
                  "fields": [
                    {
                      "availableInApi": false,
                      "caption": {
                        "anyLanguage": true,
                        "value": "fieldRecord1_1_2_1_2_name"
                      },
                      "description": {
                        "anyLanguage": true,
                        "value": "fieldRecord1_1_2_1_2_description - seqNo10"
                      },
                      "id": 100008,
                      "listValues": [ ],
                      "mandatory": false,
                      "type": "NUMBER"
                    },
                    {
                      "availableInApi": false,
                      "caption": {
                        "anyLanguage": true,
                        "value": "fieldRecord1_1_2_1_1_name"
                      },
                      "description": {
                        "anyLanguage": true,
                        "value": "fieldRecord1_1_2_1_1_description - seqNo20"
                      },
                      "id": 100007,
                      "listValues": [ ],
                      "mandatory": true,
                      "type": "TEXT"
                    }
                  ],
                  "seqNo": 10
                }
              ]
            }
          ]
        }
      ]
    }
  ]
]