de.metas.externalsystem.externalservice.model.ExternalSystemServiceRepositoryTest.givenKnownValue_whenGetByValue_thenReturnMatchingService=[
  {
    "id" : 100001,
    "externalSystemType" : "GRSSignum",
    "serviceValue" : "grs_service_value",
    "name" : "grs_name",
    "description" : "Description",
    "enableCommand" : "EnableCommand",
    "disableCommand" : "DisableCommand"
  }
]


de.metas.externalsystem.externalservice.model.ExternalSystemServiceRepositoryTest.givenType_whenGetAllByType_thenReturnMatchingServices=[
  [
    {
      "id" : 100001,
      "externalSystemType" : "GRSSignum",
      "serviceValue" : "grs_service_value",
      "name" : "grs_name",
      "description" : "Description",
      "enableCommand" : "EnableCommand",
      "disableCommand" : "DisableCommand"
    }
  ]
]