de.metas.contracts.commission.commissioninstance.services.hierarchy.HierarchyCommissionConfigFactoryTest.createFor=[ {
  "id" : 100010,
  "commissionProductId" : 100003,
  "subtractLowerLevelCommissionFromBase" : true,
  "bpartnerId2HierarchyContracts" : {
    "100015" : {
      "@type" : "HierarchyContract",
      "id" : 100016,
      "pointsPrecision" : 3,
      "commissionSettingsLineId" : 100013,
      "commissionPercent" : 20,
      "simulation" : false
    },
    "100018" : {
      "@type" : "HierarchyContract",
      "id" : 100019,
      "pointsPrecision" : 3,
      "commissionSettingsLineId" : 100013,
      "commissionPercent" : 20,
      "simulation" : false
    },
    "100021" : {
      "@type" : "HierarchyContract",
      "id" : 100022,
      "pointsPrecision" : 3,
      "commissionSettingsLineId" : 100013,
      "commissionPercent" : 20,
      "simulation" : false
    }
  },
  "commissionType" : "HIERARCHY_COMMISSION"
} ]


de.metas.contracts.commission.commissioninstance.services.hierarchy.HierarchyCommissionConfigFactoryTest.createForExisingInstance=[ {
  "100027" : {
    "id" : 100023,
    "commissionProductId" : 100004,
    "subtractLowerLevelCommissionFromBase" : true,
    "bpartnerId2HierarchyContracts" : {
      "100015" : {
        "@type" : "HierarchyContract",
        "id" : 100027,
        "pointsPrecision" : 3,
        "commissionSettingsLineId" : 100026,
        "commissionPercent" : 20,
        "simulation" : false
      },
      "100018" : {
        "@type" : "HierarchyContract",
        "id" : 100028,
        "pointsPrecision" : 3,
        "commissionSettingsLineId" : 100026,
        "commissionPercent" : 20,
        "simulation" : false
      },
      "100021" : {
        "@type" : "HierarchyContract",
        "id" : 100029,
        "pointsPrecision" : 3,
        "commissionSettingsLineId" : 100026,
        "commissionPercent" : 20,
        "simulation" : false
      }
    },
    "commissionType" : "HIERARCHY_COMMISSION"
  },
  "100028" : {
    "id" : 100023,
    "commissionProductId" : 100004,
    "subtractLowerLevelCommissionFromBase" : true,
    "bpartnerId2HierarchyContracts" : {
      "100015" : {
        "@type" : "HierarchyContract",
        "id" : 100027,
        "pointsPrecision" : 3,
        "commissionSettingsLineId" : 100026,
        "commissionPercent" : 20,
        "simulation" : false
      },
      "100018" : {
        "@type" : "HierarchyContract",
        "id" : 100028,
        "pointsPrecision" : 3,
        "commissionSettingsLineId" : 100026,
        "commissionPercent" : 20,
        "simulation" : false
      },
      "100021" : {
        "@type" : "HierarchyContract",
        "id" : 100029,
        "pointsPrecision" : 3,
        "commissionSettingsLineId" : 100026,
        "commissionPercent" : 20,
        "simulation" : false
      }
    },
    "commissionType" : "HIERARCHY_COMMISSION"
  },
  "100029" : {
    "id" : 100023,
    "commissionProductId" : 100004,
    "subtractLowerLevelCommissionFromBase" : true,
    "bpartnerId2HierarchyContracts" : {
      "100015" : {
        "@type" : "HierarchyContract",
        "id" : 100027,
        "pointsPrecision" : 3,
        "commissionSettingsLineId" : 100026,
        "commissionPercent" : 20,
        "simulation" : false
      },
      "100018" : {
        "@type" : "HierarchyContract",
        "id" : 100028,
        "pointsPrecision" : 3,
        "commissionSettingsLineId" : 100026,
        "commissionPercent" : 20,
        "simulation" : false
      },
      "100021" : {
        "@type" : "HierarchyContract",
        "id" : 100029,
        "pointsPrecision" : 3,
        "commissionSettingsLineId" : 100026,
        "commissionPercent" : 20,
        "simulation" : false
      }
    },
    "commissionType" : "HIERARCHY_COMMISSION"
  },
  "100016" : {
    "id" : 100010,
    "commissionProductId" : 100003,
    "subtractLowerLevelCommissionFromBase" : true,
    "bpartnerId2HierarchyContracts" : {
      "100015" : {
        "@type" : "HierarchyContract",
        "id" : 100016,
        "pointsPrecision" : 3,
        "commissionSettingsLineId" : 100013,
        "commissionPercent" : 20,
        "simulation" : false
      },
      "100018" : {
        "@type" : "HierarchyContract",
        "id" : 100019,
        "pointsPrecision" : 3,
        "commissionSettingsLineId" : 100013,
        "commissionPercent" : 20,
        "simulation" : false
      },
      "100021" : {
        "@type" : "HierarchyContract",
        "id" : 100022,
        "pointsPrecision" : 3,
        "commissionSettingsLineId" : 100013,
        "commissionPercent" : 20,
        "simulation" : false
      }
    },
    "commissionType" : "HIERARCHY_COMMISSION"
  },
  "100019" : {
    "id" : 100010,
    "commissionProductId" : 100003,
    "subtractLowerLevelCommissionFromBase" : true,
    "bpartnerId2HierarchyContracts" : {
      "100015" : {
        "@type" : "HierarchyContract",
        "id" : 100016,
        "pointsPrecision" : 3,
        "commissionSettingsLineId" : 100013,
        "commissionPercent" : 20,
        "simulation" : false
      },
      "100018" : {
        "@type" : "HierarchyContract",
        "id" : 100019,
        "pointsPrecision" : 3,
        "commissionSettingsLineId" : 100013,
        "commissionPercent" : 20,
        "simulation" : false
      },
      "100021" : {
        "@type" : "HierarchyContract",
        "id" : 100022,
        "pointsPrecision" : 3,
        "commissionSettingsLineId" : 100013,
        "commissionPercent" : 20,
        "simulation" : false
      }
    },
    "commissionType" : "HIERARCHY_COMMISSION"
  },
  "100022" : {
    "id" : 100010,
    "commissionProductId" : 100003,
    "subtractLowerLevelCommissionFromBase" : true,
    "bpartnerId2HierarchyContracts" : {
      "100015" : {
        "@type" : "HierarchyContract",
        "id" : 100016,
        "pointsPrecision" : 3,
        "commissionSettingsLineId" : 100013,
        "commissionPercent" : 20,
        "simulation" : false
      },
      "100018" : {
        "@type" : "HierarchyContract",
        "id" : 100019,
        "pointsPrecision" : 3,
        "commissionSettingsLineId" : 100013,
        "commissionPercent" : 20,
        "simulation" : false
      },
      "100021" : {
        "@type" : "HierarchyContract",
        "id" : 100022,
        "pointsPrecision" : 3,
        "commissionSettingsLineId" : 100013,
        "commissionPercent" : 20,
        "simulation" : false
      }
    },
    "commissionType" : "HIERARCHY_COMMISSION"
  }
} ]


de.metas.contracts.commission.commissioninstance.services.hierarchy.HierarchyCommissionConfigFactoryTest.createForNewCommissionInstances_multiple_contracts=[ [ {
  "id" : 100023,
  "commissionProductId" : 100004,
  "subtractLowerLevelCommissionFromBase" : true,
  "bpartnerId2HierarchyContracts" : {
    "100015" : {
      "@type" : "HierarchyContract",
      "id" : 100027,
      "pointsPrecision" : 3,
      "commissionSettingsLineId" : 100026,
      "commissionPercent" : 20,
      "simulation" : false
    },
    "100018" : {
      "@type" : "HierarchyContract",
      "id" : 100028,
      "pointsPrecision" : 3,
      "commissionSettingsLineId" : 100026,
      "commissionPercent" : 20,
      "simulation" : false
    },
    "100021" : {
      "@type" : "HierarchyContract",
      "id" : 100029,
      "pointsPrecision" : 3,
      "commissionSettingsLineId" : 100026,
      "commissionPercent" : 20,
      "simulation" : false
    }
  },
  "commissionType" : "HIERARCHY_COMMISSION"
}, {
  "id" : 100010,
  "commissionProductId" : 100003,
  "subtractLowerLevelCommissionFromBase" : true,
  "bpartnerId2HierarchyContracts" : {
    "100015" : {
      "@type" : "HierarchyContract",
      "id" : 100016,
      "pointsPrecision" : 3,
      "commissionSettingsLineId" : 100013,
      "commissionPercent" : 20,
      "simulation" : false
    },
    "100018" : {
      "@type" : "HierarchyContract",
      "id" : 100019,
      "pointsPrecision" : 3,
      "commissionSettingsLineId" : 100013,
      "commissionPercent" : 20,
      "simulation" : false
    },
    "100021" : {
      "@type" : "HierarchyContract",
      "id" : 100022,
      "pointsPrecision" : 3,
      "commissionSettingsLineId" : 100013,
      "commissionPercent" : 20,
      "simulation" : false
    }
  },
  "commissionType" : "HIERARCHY_COMMISSION"
} ] ]


de.metas.contracts.commission.commissioninstance.services.hierarchy.HierarchyCommissionConfigFactoryTest.createForNewCommissionInstances_multiple_contracts_shareOnOwnRevenue=[ [ {
  "id" : 100023,
  "commissionProductId" : 100004,
  "subtractLowerLevelCommissionFromBase" : true,
  "bpartnerId2HierarchyContracts" : {
    "100018" : {
      "@type" : "HierarchyContract",
      "id" : 100028,
      "pointsPrecision" : 3,
      "commissionSettingsLineId" : 100025,
      "commissionPercent" : 10,
      "simulation" : false
    },
    "100021" : {
      "@type" : "HierarchyContract",
      "id" : 100029,
      "pointsPrecision" : 3,
      "commissionSettingsLineId" : 100025,
      "commissionPercent" : 10,
      "simulation" : false
    }
  },
  "commissionType" : "HIERARCHY_COMMISSION"
}, {
  "id" : 100010,
  "commissionProductId" : 100003,
  "subtractLowerLevelCommissionFromBase" : true,
  "bpartnerId2HierarchyContracts" : {
    "100015" : {
      "@type" : "HierarchyContract",
      "id" : 100016,
      "pointsPrecision" : 3,
      "commissionSettingsLineId" : 100012,
      "commissionPercent" : 0,
      "simulation" : false
    },
    "100018" : {
      "@type" : "HierarchyContract",
      "id" : 100019,
      "pointsPrecision" : 3,
      "commissionSettingsLineId" : 100012,
      "commissionPercent" : 10,
      "simulation" : false
    },
    "100021" : {
      "@type" : "HierarchyContract",
      "id" : 100022,
      "pointsPrecision" : 3,
      "commissionSettingsLineId" : 100012,
      "commissionPercent" : 10,
      "simulation" : false
    }
  },
  "commissionType" : "HIERARCHY_COMMISSION"
} ] ]