de.metas.common.rest_api.v2.project.workorder.JsonWorkOrderProjectRequestTest.serializeDeserialize=[
  {
    "value" : "Test WO Project",
    "valueSet" : true,
    "name" : "Test WO Project",
    "nameSet" : true,
    "projectTypeId" : 123456,
    "priceListVersionId" : 123456,
    "priceListVersionIdSet" : true,
    "currencyId" : 123456,
    "currencyIdSet" : true,
    "salesRepId" : 123456,
    "salesRepIdSet" : false,
    "description" : "Test WO Project Description",
    "descriptionSet" : true,
    "dateContract" : {
      "year" : 2022,
      "month" : 7,
      "day" : 15,
      "leapYear" : false
    },
    "dateContractSet" : true,
    "dateFinish" : {
      "year" : 2022,
      "month" : 7,
      "day" : 15,
      "leapYear" : false
    },
    "dateFinishSet" : true,
    "businessPartnerId" : 123456,
    "businessPartnerIdSet" : true,
    "projectReferenceExt" : "WOProjectTestRefExt",
    "projectReferenceExtSet" : true,
    "projectParentId" : 123456,
    "projectParentIdSet" : true,
    "orgCode" : "ORG",
    "isActive" : true,
    "activeSet" : true,
    "syncAdvise" : {
      "ifNotExists" : "CREATE",
      "ifExists" : "UPDATE_MERGE"
    },
    "steps" : [
      {
        "name" : "Test WO Project Step",
        "description" : "Test WO Project Step Description",
        "descriptionSet" : true,
        "seqNo" : 123456,
        "seqNoSet" : true,
        "dateStart" : {
          "year" : 2022,
          "month" : 7,
          "day" : 15,
          "leapYear" : false
        },
        "dateStartSet" : true,
        "dateEnd" : {
          "year" : 2022,
          "month" : 7,
          "day" : 15,
          "leapYear" : false
        },
        "dateEndSet" : true,
        "woPartialReportDateSet" : false,
        "woPlannedResourceDurationHoursSet" : false,
        "deliveryDateSet" : false,
        "woTargetStartDateSet" : false,
        "woTargetEndDateSet" : false,
        "woPlannedPersonDurationHoursSet" : false,
        "woStepStatusSet" : false,
        "woFindingsReleasedDateSet" : false,
        "woFindingsCreatedDateSet" : false,
        "resourceRequests" : [
          {
            "resourceIdentifier" : "int-resourceIdentifier",
            "resourceIdentifierSet" : false,
            "assignDateFrom" : {
              "year" : 2022,
              "month" : 7,
              "day" : 15,
              "leapYear" : false
            },
            "assignDateTo" : {
              "year" : 2022,
              "month" : 7,
              "day" : 16,
              "leapYear" : false
            },
            "activeSet" : false,
            "allDaySet" : false,
            "durationSet" : false,
            "durationUnitSet" : false,
            "testFacilityGroupNameSet" : false
          }
        ]
      }
    ],
    "stepsSet" : true,
    "bpartnerDepartmentSet" : false,
    "woOwnerSet" : false,
    "poReferenceSet" : false,
    "bpartnerTargetDateSet" : false,
    "woProjectCreatedDateSet" : false
  }
]