de.metas.common.bpartner.v2.request.JsonRequestBPartnerUpsertTest.deserialize_1=[
  {
    "requestItems": [
      {
        "bpartnerComposite": {
          "bpartner": {
            "activeSet": false,
            "code": "code",
            "codeSet": true,
            "companyName": "bPartner.companyName",
            "companyNameSet": true,
            "customerSet": false,
            "externalId": "fghij_2",
            "externalIdSet": true,
            "globalIdset": false,
            "group": "bpGroupRecord.name",
            "groupSet": true,
            "invoiceRuleSet": false,
            "language": "bPartner.de_CH",
            "languageSet": true,
            "name": "bPartner.name",
            "name2Set": false,
            "name3Set": false,
            "nameSet": true,
            "parentId": 1,
            "parentIdSet": true,
            "phone": "bPartner.phone",
            "phoneSet": true,
            "syncAdviseSet": false,
            "url": "bPartner.url",
            "url2Set": false,
            "url3Set": false,
            "urlSet": true,
            "vatId": "bPartner.vatId",
            "vatIdSet": true,
            "vendorSet": false
          },
          "contacts": {
            "requestItems": [
              {
                "contact": {
                  "activeSet": false,
                  "billToDefaultSet": false,
                  "codeSet": false,
                  "defaultContactSet": false,
                  "descriptionSet": false,
                  "email": "c1_email@email.net",
                  "emailSet": true,
                  "externalId": "c1_externalId",
                  "externalIdSet": true,
                  "faxSet": true,
                  "firstNameSet": false,
                  "lastNameSet": false,
                  "metasfreshBPartnerIdSet": false,
                  "mobilePhoneSet": false,
                  "name": "c1_name",
                  "nameSet": true,
                  "newsletterSet": false,
                  "phone": "c1_phone",
                  "phoneSet": true,
                  "purchaseDefaultSet": false,
                  "purchaseSet": false,
                  "salesDefaultSet": false,
                  "salesSet": false,
                  "shipToDefaultSet": false,
                  "subjectMatterSet": false,
                  "syncAdviseSet": false
                },
                "contactIdentifier": "ext-c1_externalId"
              },
              {
                "contact": {
                  "activeSet": false,
                  "billToDefaultSet": false,
                  "codeSet": false,
                  "defaultContactSet": false,
                  "descriptionSet": false,
                  "email": "c2_email@email.net",
                  "emailSet": true,
                  "externalId": "c2_externalId",
                  "externalIdSet": true,
                  "faxSet": false,
                  "firstNameSet": false,
                  "lastNameSet": false,
                  "metasfreshBPartnerIdSet": false,
                  "mobilePhoneSet": false,
                  "name": "c2_name",
                  "nameSet": true,
                  "newsletterSet": false,
                  "phone": "c2_phone",
                  "phoneSet": true,
                  "purchaseDefaultSet": false,
                  "purchaseSet": false,
                  "salesDefaultSet": false,
                  "salesSet": false,
                  "shipToDefaultSet": false,
                  "subjectMatterSet": false,
                  "syncAdviseSet": false
                },
                "contactIdentifier": "ext-c2_externalId"
              }
            ],
            "syncAdvise": {
              "ifExists": "UPDATE_MERGE",
              "ifNotExists": "CREATE"
            }
          },
          "locations": {
            "requestItems": [
              {
                "location": {
                  "activeSet": false,
                  "address1": "l1_address1",
                  "address1Set": true,
                  "address2": "l1_address2",
                  "address2Set": true,
                  "address3Set": false,
                  "address4Set": false,
                  "billToDefaultSet": false,
                  "billToSet": false,
                  "bpartnerNameSet": false,
                  "city": "l1_city",
                  "citySet": true,
                  "countryCode": "CH",
                  "countryCodeSet": true,
                  "district": "l1_district",
                  "districtSet": true,
                  "externalId": "l1_externalId",
                  "externalIdSet": true,
                  "gln": "l1_gln",
                  "glnSet": true,
                  "nameSet": false,
                  "poBox": "l1_poBox",
                  "poBoxSet": true,
                  "postal": "l1_postal",
                  "postalSet": true,
                  "region": "l1_region",
                  "regionSet": true,
                  "shipToDefaultSet": false,
                  "shipToSet": false,
                  "syncAdviseSet": false
                },
                "locationIdentifier": "ext-l1_externalId"
              },
              {
                "location": {
                  "activeSet": false,
                  "address1": "l2_address1",
                  "address1Set": true,
                  "address2": "l2_address2",
                  "address2Set": true,
                  "address3Set": false,
                  "address4Set": false,
                  "billToDefaultSet": false,
                  "billToSet": false,
                  "bpartnerNameSet": false,
                  "city": "l2_city",
                  "citySet": true,
                  "countryCode": "DE",
                  "countryCodeSet": true,
                  "district": "l2_district",
                  "districtSet": true,
                  "externalId": "l2_externalId",
                  "externalIdSet": true,
                  "gln": "l2_gln",
                  "glnSet": true,
                  "nameSet": false,
                  "poBox": "l2_poBox",
                  "poBoxSet": true,
                  "postal": "l2_postal",
                  "postalSet": true,
                  "region": "l2_region",
                  "regionSet": true,
                  "shipToDefaultSet": false,
                  "shipToSet": false,
                  "syncAdviseSet": false
                },
                "locationIdentifier": "ext-l2_externalId"
              }
            ],
            "syncAdvise": {
              "ifExists": "UPDATE_MERGE",
              "ifNotExists": "CREATE"
            }
          }
        },
        "bpartnerIdentifier": "ext-fghij_2"
      }
    ],
    "syncAdvise": {
      "ifExists": "UPDATE_MERGE",
      "ifNotExists": "CREATE"
    }
  }
]