de.metas.rest_api.product.ProductsRestControllerTest.getProducts_standardCase=[ {
  "products" : [ {
    "id" : 100003,
    "productNo" : "value1",
    "name" : "name1",
    "description" : "description1",
    "ean" : "ean1",
    "uom" : "Ea",
    "bpartners" : [ {
      "bpartnerId" : 1,
      "productNo" : "productNo1-vendor1",
      "productName" : "productName1-vendor1",
      "productDescription" : "productDescription1-vendor1",
      "productCategory" : "productCategory1-vendor1",
      "ean" : "ean1-vendor1",
      "vendor" : true,
      "currentVendor" : true,
      "customer" : false,
      "leadTimeInDays" : 13
    }, {
      "bpartnerId" : 2,
      "productNo" : "productNo1-customer2",
      "productName" : "productName1-customer2",
      "productDescription" : "productDescription1-customer2",
      "productCategory" : "productCategory1-customer2",
      "ean" : "ean1-customer2",
      "vendor" : false,
      "currentVendor" : false,
      "customer" : true,
      "leadTimeInDays" : 32
    } ],
    "createdUpdatedInfo" : {
      "createdBy" : 100,
      "created" : "2019-09-05T03:20:14.0000005+02:00",
      "updatedBy" : 100,
      "updated" : "2019-09-05T03:21:22.000000501+02:00"
    }
  }, {
    "id" : 100006,
    "productNo" : "value2",
    "name" : "name2",
    "description" : "description2",
    "ean" : "ean2",
    "uom" : "Kg",
    "bpartners" : [ ],
    "createdUpdatedInfo" : {
      "createdBy" : 100,
      "created" : "2019-09-05T03:20:14.0000005+02:00",
      "updatedBy" : 100,
      "updated" : "2019-09-05T03:21:22.000000501+02:00"
    }
  } ]
} ]