de.metas.rest_api.changelog.JsonChangeInfoTest.test=[
  {
    "createdMillis": 10,
    "createdBy": 10,
    "lastUpdatedMillis": 20,
    "lastUpdatedBy": 20,
    "changeLogs": [
      {
        "fieldName": "fieldName_30",
        "updatedMillis": 30,
        "updatedBy": 30,
        "oldValue": "oldValue_30",
        "newValue": "newValue_30"
      },
      {
        "fieldName": "fieldName_40",
        "updatedMillis": 40,
        "updatedBy": 40,
        "oldValue": "oldValue_40",
        "newValue": "newValue_40"
      }
    ]
  }
]