de.metas.externalsystem.process.runtimeparameters.RuntimeParametersRepositoryTest.getByConfigIdAndRequest=[
  [
    {
      "runtimeParameterId" : 100001,
      "externalSystemParentConfigId" : 1,
      "request" : "request",
      "name" : "name1",
      "value" : "value1"
    },
    {
      "runtimeParameterId" : 100002,
      "externalSystemParentConfigId" : 1,
      "request" : "request",
      "name" : "name2",
      "value" : "value2"
    }
  ]
]

de.metas.externalsystem.process.runtimeparameters.RuntimeParametersRepositoryTest.upsertRuntimeParameter_new=[
  {
    "runtimeParameterId" : 100001,
    "externalSystemParentConfigId" : 1,
    "request" : "request",
    "name" : "name",
    "value" : "value"
  }
]


de.metas.externalsystem.process.runtimeparameters.RuntimeParametersRepositoryTest.upsertRuntimeParameter_new=[
  {
    "runtimeParameterId" : 100001,
    "externalSystemParentConfigId" : 1,
    "request" : "request",
    "name" : "name",
    "value" : "value"
  }
]


de.metas.externalsystem.process.runtimeparameters.RuntimeParametersRepositoryTest.upsertRuntimeParameter_update=[
  {
    "runtimeParameterId" : 100001,
    "externalSystemParentConfigId" : 1,
    "request" : "request",
    "name" : "name",
    "value" : "value_updated"
  }
]