de.metas.handlingunits.inventory.draftlinescreator.DraftInventoryLinesCreatorTest.execute_MultipleHUInventoryLineAggregator=[
  {
    "id" : 100011,
    "orgId" : 100001,
    "docBaseAndSubType" : {
      "docBaseType" : "MMI",
      "docSubType" : "IAH"
    },
    "inventoryType" : "PHYSICAL",
    "movementDate" : {
      "dateTime" : {
        "date" : {
          "year" : 2020,
          "month" : 6,
          "day" : 15,
          "leapYear" : true
        },
        "time" : {
          "hour" : 0,
          "minute" : 0,
          "second" : 0,
          "nano" : 0
        }
      },
      "offset" : {
        "totalSeconds" : -28800
      },
      "zone" : {
        "id" : "UTC-08:00"
      }
    },
    "docStatus" : "Drafted",
    "documentNo" : "documentNo",
    "lines" : [
      {
        "id" : 100019,
        "orgId" : 5,
        "asiId" : 100016,
        "productId" : 40,
        "storageAttributesKey" : "10§&§11",
        "locatorId" : "100004_100005",
        "huAggregationType" : "MULTI_HU",
        "inventoryType" : "PHYSICAL",
        "counted" : false,
        "inventoryLineHUs" : [
          {
            "id" : 100020,
            "huId" : 100,
            "inventoryType" : "PHYSICAL",
            "qtyBook" : {
              "qty" : "10",
              "uomId" : 100003
            },
            "qtyCount" : {
              "qty" : "10",
              "uomId" : 100003
            }
          },
          {
            "id" : 100021,
            "huId" : 200,
            "inventoryType" : "PHYSICAL",
            "qtyBook" : {
              "qty" : "1",
              "uomId" : 100003
            },
            "qtyCount" : {
              "qty" : "1",
              "uomId" : 100003
            }
          }
        ]
      },
      {
        "id" : 100025,
        "orgId" : 5,
        "asiId" : 100022,
        "productId" : 2,
        "storageAttributesKey" : "10§&§11",
        "locatorId" : "100004_100005",
        "huAggregationType" : "MULTI_HU",
        "inventoryType" : "PHYSICAL",
        "counted" : false,
        "inventoryLineHUs" : [
          {
            "id" : 100026,
            "huId" : 200,
            "inventoryType" : "PHYSICAL",
            "qtyBook" : {
              "qty" : "1",
              "uomId" : 100003
            },
            "qtyCount" : {
              "qty" : "1",
              "uomId" : 100003
            }
          }
        ]
      },
      {
        "id" : 100031,
        "orgId" : 5,
        "asiId" : 100027,
        "productId" : 40,
        "storageAttributesKey" : "10§&§11§&§12",
        "locatorId" : "100004_100005",
        "huAggregationType" : "MULTI_HU",
        "inventoryType" : "PHYSICAL",
        "counted" : false,
        "inventoryLineHUs" : [
          {
            "id" : 100032,
            "huId" : 300,
            "inventoryType" : "PHYSICAL",
            "qtyBook" : {
              "qty" : "2",
              "uomId" : 100003
            },
            "qtyCount" : {
              "qty" : "2",
              "uomId" : 100003
            }
          }
        ]
      }
    ]
  }
]


de.metas.handlingunits.inventory.draftlinescreator.DraftInventoryLinesCreatorTest.execute_MultipleHUInventoryLineAggregator_preAddedHUs=[
  {
    "id" : 100034,
    "orgId" : 100001,
    "docBaseAndSubType" : {
      "docBaseType" : "MMI",
      "docSubType" : "IAH"
    },
    "inventoryType" : "PHYSICAL",
    "movementDate" : {
      "dateTime" : {
        "date" : {
          "year" : 2020,
          "month" : 6,
          "day" : 15,
          "leapYear" : true
        },
        "time" : {
          "hour" : 0,
          "minute" : 0,
          "second" : 0,
          "nano" : 0
        }
      },
      "offset" : {
        "totalSeconds" : -28800
      },
      "zone" : {
        "id" : "UTC-08:00"
      }
    },
    "docStatus" : "Drafted",
    "documentNo" : "documentNo",
    "lines" : [
      {
        "id" : 100039,
        "orgId" : 5,
        "asiId" : 100036,
        "productId" : 40,
        "storageAttributesKey" : "10§&§11",
        "locatorId" : "100004_100005",
        "huAggregationType" : "MULTI_HU",
        "inventoryType" : "PHYSICAL",
        "counted" : false,
        "inventoryLineHUs" : [
          {
            "id" : 100040,
            "huId" : 100,
            "inventoryType" : "PHYSICAL",
            "qtyBook" : {
              "qty" : "10",
              "uomId" : 100003
            },
            "qtyCount" : {
              "qty" : "10",
              "uomId" : 100003
            }
          },
          {
            "id" : 100041,
            "huId" : 200,
            "inventoryType" : "PHYSICAL",
            "qtyBook" : {
              "qty" : "1",
              "uomId" : 100003
            },
            "qtyCount" : {
              "qty" : "1",
              "uomId" : 100003
            }
          }
        ]
      },
      {
        "id" : 100046,
        "orgId" : 5,
        "asiId" : 100042,
        "productId" : 40,
        "storageAttributesKey" : "10§&§11§&§12",
        "locatorId" : "100004_100005",
        "huAggregationType" : "MULTI_HU",
        "inventoryType" : "PHYSICAL",
        "counted" : false,
        "inventoryLineHUs" : [
          {
            "id" : 100047,
            "huId" : 300,
            "inventoryType" : "PHYSICAL",
            "qtyBook" : {
              "qty" : "2",
              "uomId" : 100003
            },
            "qtyCount" : {
              "qty" : "2",
              "uomId" : 100003
            }
          },
          {
            "id" : 100048,
            "huId" : 305,
            "inventoryType" : "PHYSICAL",
            "qtyBook" : {
              "qty" : "2",
              "uomId" : 100003
            },
            "qtyCount" : {
              "qty" : "2",
              "uomId" : 100003
            }
          }
        ]
      }
    ]
  }
]


de.metas.handlingunits.inventory.draftlinescreator.DraftInventoryLinesCreatorTest.execute_SingleHUInventoryLineAggregator=[
  {
    "id" : 100011,
    "orgId" : 100001,
    "docBaseAndSubType" : {
      "docBaseType" : "MMI",
      "docSubType" : "ISH"
    },
    "inventoryType" : "PHYSICAL",
    "movementDate" : {
      "dateTime" : {
        "date" : {
          "year" : 2020,
          "month" : 6,
          "day" : 15,
          "leapYear" : true
        },
        "time" : {
          "hour" : 0,
          "minute" : 0,
          "second" : 0,
          "nano" : 0
        }
      },
      "offset" : {
        "totalSeconds" : -28800
      },
      "zone" : {
        "id" : "UTC-08:00"
      }
    },
    "docStatus" : "Drafted",
    "documentNo" : "documentNo",
    "lines" : [
      {
        "id" : 100019,
        "orgId" : 5,
        "asiId" : 100016,
        "productId" : 40,
        "storageAttributesKey" : "10§&§11",
        "locatorId" : "100004_100005",
        "huAggregationType" : "SINGLE_HU",
        "inventoryType" : "PHYSICAL",
        "counted" : false,
        "inventoryLineHUs" : [
          {
            "huId" : 100,
            "inventoryType" : "PHYSICAL",
            "qtyBook" : {
              "qty" : "10",
              "uomId" : 100003
            },
            "qtyCount" : {
              "qty" : "10",
              "uomId" : 100003
            }
          }
        ]
      },
      {
        "id" : 100023,
        "orgId" : 5,
        "asiId" : 100020,
        "productId" : 40,
        "storageAttributesKey" : "10§&§11",
        "locatorId" : "100004_100005",
        "huAggregationType" : "SINGLE_HU",
        "inventoryType" : "PHYSICAL",
        "counted" : false,
        "inventoryLineHUs" : [
          {
            "huId" : 200,
            "inventoryType" : "PHYSICAL",
            "qtyBook" : {
              "qty" : "1",
              "uomId" : 100003
            },
            "qtyCount" : {
              "qty" : "1",
              "uomId" : 100003
            }
          }
        ]
      },
      {
        "id" : 100027,
        "orgId" : 5,
        "asiId" : 100024,
        "productId" : 2,
        "storageAttributesKey" : "10§&§11",
        "locatorId" : "100004_100005",
        "huAggregationType" : "SINGLE_HU",
        "inventoryType" : "PHYSICAL",
        "counted" : false,
        "inventoryLineHUs" : [
          {
            "huId" : 200,
            "inventoryType" : "PHYSICAL",
            "qtyBook" : {
              "qty" : "1",
              "uomId" : 100003
            },
            "qtyCount" : {
              "qty" : "1",
              "uomId" : 100003
            }
          }
        ]
      },
      {
        "id" : 100032,
        "orgId" : 5,
        "asiId" : 100028,
        "productId" : 40,
        "storageAttributesKey" : "10§&§11§&§12",
        "locatorId" : "100004_100005",
        "huAggregationType" : "SINGLE_HU",
        "inventoryType" : "PHYSICAL",
        "counted" : false,
        "inventoryLineHUs" : [
          {
            "huId" : 300,
            "inventoryType" : "PHYSICAL",
            "qtyBook" : {
              "qty" : "2",
              "uomId" : 100003
            },
            "qtyCount" : {
              "qty" : "2",
              "uomId" : 100003
            }
          }
        ]
      }
    ]
  }
]