de.metas.vertical.healthcare.alberta.service.bpartner.albertabpartner.AlbertaBPartnerRepositoryTest.save_allFields=[
  {
    "bPartnerAlbertaId" : 100001,
    "bPartnerId" : 1,
    "title" : "title",
    "titleShort" : "titleShort",
    "isArchived" : true,
    "timestamp" : {
      "seconds" : 1574380800,
      "nanos" : 0
    },
    "archived" : true
  }
]


de.metas.vertical.healthcare.alberta.service.bpartner.albertabpartner.AlbertaBPartnerRepositoryTest.save_onlyMandatory=[
  {
    "bPartnerAlbertaId" : 100001,
    "bPartnerId" : 1,
    "isArchived" : false,
    "archived" : false
  }
]