de.metas.audit.apirequest.request.ApiRequestAuditRepositoryTest.save=[
  {
    "apiRequestAuditId" : 100001,
    "orgId" : 1,
    "roleId" : 0,
    "userId" : 100,
    "apiAuditConfigId" : 3,
    "status" : "RECEIVED",
    "isErrorAcknowledged" : false,
    "body" : "body",
    "method" : "POST",
    "path" : "path",
    "remoteAddress" : "remoteAddress",
    "remoteHost" : "remoteHost",
    "time" : {
      "seconds" : 0,
      "nanos" : 0
    },
    "httpHeaders" : "httpHeaders",
    "requestURI" : "request/uri",
    "errorAcknowledged" : false
  }
]