de.metas.invoicecandidate.internalbusinesslogic.InvoiceCandidateRecordServiceTest.ofRecord=[
  {
    "id" : 100001,
    "soTrx" : "SALES",
    "product" : {
      "id" : 300000,
      "stocked" : false
    },
    "uomId" : 110000,
    "orderedData" : {
      "qty" : {
        "qty" : "80",
        "uomId" : 110000
      },
      "qtyInStockUom" : {
        "qty" : "20",
        "uomId" : 100000
      },
      "orderFullyDelivered" : false
    },
    "deliveredData" : {
      "shipmentData" : {
        "productId" : 300000,
        "qtyInStockUom" : {
          "qty" : "15",
          "uomId" : 100000
        },
        "qtyNominal" : {
          "qty" : "60.00",
          "uomId" : 110000
        },
        "qtyCatch" : {
          "qty" : "61.00",
          "uomId" : 110000
        },
        "deliveredQtyItems" : [
          {
            "qtyInStockUom" : {
              "qty" : "10",
              "uomId" : 100000
            },
            "qtyNominal" : {
              "qty" : "400",
              "uomId" : 100003
            },
            "qtyCatch" : {
              "qty" : "420",
              "uomId" : 100003
            },
            "inDispute" : false
          },
          {
            "qtyInStockUom" : {
              "qty" : "5",
              "uomId" : 100000
            },
            "qtyNominal" : {
              "qty" : "200",
              "uomId" : 100003
            },
            "qtyCatch" : {
              "qty" : "190",
              "uomId" : 100003
            },
            "inDispute" : false
          }
        ]
      }
    },
    "invoicedData" : {
      "qtys" : {
        "productId" : 300000,
        "stockQty" : {
          "qty" : "0",
          "uomId" : 100000
        },
        "uomQty" : {
          "qty" : "0",
          "uomId" : 110000
        }
      },
      "netAmount" : {
        "value" : 0,
        "currencyId" : 200000
      }
    },
    "invoicableQtyBasedOn" : "CatchWeight",
    "invoiceRule" : "AfterDelivery",
    "priceUomId" : 110000
  }
]


de.metas.invoicecandidate.internalbusinesslogic.InvoiceCandidateRecordServiceTest.ofRecord_no_catchWeightInfos=[
  {
    "id" : 100001,
    "soTrx" : "SALES",
    "product" : {
      "id" : 300000,
      "stocked" : false
    },
    "uomId" : 110000,
    "orderedData" : {
      "qty" : {
        "qty" : "80",
        "uomId" : 110000
      },
      "qtyInStockUom" : {
        "qty" : "20",
        "uomId" : 100000
      },
      "orderFullyDelivered" : false
    },
    "deliveredData" : {
      "shipmentData" : {
        "productId" : 300000,
        "qtyInStockUom" : {
          "qty" : "15",
          "uomId" : 100000
        },
        "qtyNominal" : {
          "qty" : "60.00",
          "uomId" : 110000
        },
        "deliveredQtyItems" : [
          {
            "qtyInStockUom" : {
              "qty" : "10",
              "uomId" : 100000
            },
            "qtyNominal" : {
              "qty" : "400",
              "uomId" : 100003
            },
            "inDispute" : false
          },
          {
            "qtyInStockUom" : {
              "qty" : "5",
              "uomId" : 100000
            },
            "qtyNominal" : {
              "qty" : "200",
              "uomId" : 100003
            },
            "inDispute" : false
          }
        ]
      }
    },
    "invoicedData" : {
      "qtys" : {
        "productId" : 300000,
        "stockQty" : {
          "qty" : "0",
          "uomId" : 100000
        },
        "uomQty" : {
          "qty" : "0",
          "uomId" : 110000
        }
      },
      "netAmount" : {
        "value" : 0,
        "currencyId" : 200000
      }
    },
    "invoicableQtyBasedOn" : "CatchWeight",
    "invoiceRule" : "AfterDelivery",
    "priceUomId" : 110000
  }
]